<html>
<body>
<pre>
<h1>µVision Build Log</h1>
<h2>Tool Versions:</h2>
IDE-Version: ¶ÃVision V5.29.0.0
Copyright (C) 2019 ARM Ltd and ARM Germany GmbH. All rights reserved.
License Information: ÷£ ”Ó∑≤, HP Inc., LIC=FYKYW-QTIFH-QDSKD-83HKY-PW1ZY-NP2VN
 
Tool Versions:
Toolchain:       MDK-ARM Plus  Version: 5.29.0.0
Toolchain Path:  D:\Keil_v5\ARM\ARMCC\Bin
C Compiler:      Armcc.exe V5.06 update 6 (build 750)
Assembler:       Armasm.exe V5.06 update 6 (build 750)
Linker/Locator:  ArmLink.exe V5.06 update 6 (build 750)
Library Manager: ArmAr.exe V5.06 update 6 (build 750)
Hex Converter:   FromElf.exe V5.06 update 6 (build 750)
CPU DLL:         SARMCM3.DLL V5.29.0.0
Dialog DLL:      DCM.DLL V1.17.3.0
Target DLL:      STLink\ST-LINKIII-KEIL_SWO.dll V3.0.7.0
Dialog DLL:      TCM.DLL V1.36.5.0
 
<h2>Project:</h2>
d:\Keil_v5\keil_project\LVGL\MDK-ARM\LVGL.uvprojx
Project File Date:  06/14/2022

<h2>Output:</h2>
*** Using Compiler 'V5.06 update 6 (build 750)', folder: 'D:\Keil_v5\ARM\ARMCC\Bin'
Build target 'LVGL'
assembling startup_stm32f407xx.s...
compiling stm32f4xx_hal_flash.c...
compiling stm32f4xx_hal_dma_ex.c...
compiling spi.c...
compiling stm32f4xx_hal_eth.c...
compiling tim.c...
compiling stm32f4xx_hal_gpio.c...
compiling stm32f4xx_hal_flash_ramfunc.c...
compiling stm32f4xx_it.c...
compiling i2c.c...
compiling stm32f4xx_hal_rcc_ex.c...
compiling gpio.c...
compiling stm32f4xx_hal_flash_ex.c...
compiling stm32f4xx_hal_msp.c...
compiling stm32f4xx_hal_rcc.c...
compiling main.c...
..\USER\Inc\ssd1306.h(173): warning:  #1295-D: Deprecated declaration ssd1306_GetDisplayOn - give arg types
  uint8_t ssd1306_GetDisplayOn();
../Core/Src/main.c(297): warning:  #223-D: function "lv_port_disp_init" declared implicitly
  lv_port_disp_init();        // ??????
../Core/Src/main.c(298): warning:  #223-D: function "lv_port_indev_init" declared implicitly
  lv_port_indev_init();
../Core/Src/main.c: 3 warnings, 0 errors
compiling system_stm32f4xx.c...
compiling stm32f4xx_hal_pwr_ex.c...
compiling stm32f4xx_hal_exti.c...
compiling stm32f4xx_hal_cortex.c...
compiling ssd1306.c...
..\USER\Inc\ssd1306.h(173): warning:  #1295-D: Deprecated declaration ssd1306_GetDisplayOn - give arg types
  uint8_t ssd1306_GetDisplayOn();
..\USER\Src\ssd1306.c(331): warning:  #1035-D: single-precision operand implicitly converted to double-precision
      return par_deg * 3.14 / 180.0;
..\USER\Src\ssd1306.c: 2 warnings, 0 errors
compiling stm32f4xx_hal_i2c_ex.c...
compiling stm32f4xx_hal.c...
compiling stm32f4xx_hal_dma.c...
compiling ssd1306_tests.c...
..\USER\Inc\ssd1306.h(173): warning:  #1295-D: Deprecated declaration ssd1306_GetDisplayOn - give arg types
  uint8_t ssd1306_GetDisplayOn();
..\USER\Src\ssd1306_tests.c: 1 warning, 0 errors
compiling stm32f4xx_hal_pwr.c...
compiling stm32f4xx_hal_tim_ex.c...
compiling stm32f4xx_hal_spi.c...
compiling lv_port_disp.c...
..\USER\Inc\ssd1306.h(173): warning:  #1295-D: Deprecated declaration ssd1306_GetDisplayOn - give arg types
  uint8_t ssd1306_GetDisplayOn();
..\GUI\lvgl_port\lv_port_disp.c(152): warning:  #188-D: enumerated type mixed with another type
  ssd1306_DrawPixel(x, y, color_p->full);
..\GUI\lvgl_port\lv_port_disp.c: 2 warnings, 0 errors
compiling stm32f4xx_hal_i2c.c...
compiling stm32f4xx_hal_tim.c...
compiling fatfs.c...
compiling lv_hal_tick.c...
compiling chap-new.c...
compiling syscall.c...
compiling ccp.c...
compiling user_diskio.c...
compiling diskio.c...
compiling ff_gen_drv.c...
compiling chap_ms.c...
compiling chap-md5.c...
compiling auth.c...
compiling ff.c...
compiling lv_port_indev.c...
..\GUI\lvgl_port\lv_port_indev.c(342): warning:  #177-D: function "encoder_handler"  was declared but never referenced
  static void encoder_handler(void)
..\GUI\lvgl_port\lv_port_indev.c: 1 warning, 0 errors
compiling lwip.c...
compiling ethernetif.c...
compiling magic.c...
compiling ppp.c...
compiling pppapi.c...
compiling ipcp.c...
compiling demand.c...
compiling pppcrypt.c...
compiling fsm.c...
compiling eui64.c...
compiling pppoe.c...
compiling lcp.c...
compiling mppe.c...
compiling eap.c...
compiling multilink.c...
compiling ipv6cp.c...
compiling pppol2tp.c...
compiling utils.c...
compiling vj.c...
compiling pppos.c...
compiling slipif.c...
compiling lowpan6_ble.c...
compiling bridgeif_fdb.c...
compiling api_lib.c...
compiling upap.c...
compiling lowpan6.c...
compiling api_msg.c...
compiling lowpan6_common.c...
compiling ecp.c...
compiling zepif.c...
compiling ethernet.c...
compiling bridgeif.c...
compiling netbuf.c...
compiling if_api.c...
compiling netdb.c...
compiling altcp_tcp.c...
compiling altcp.c...
compiling ip.c...
compiling tcpip.c...
compiling err.c...
compiling dns.c...
compiling sockets.c...
compiling def.c...
compiling netifapi.c...
compiling altcp_alloc.c...
compiling init.c...
compiling inet_chksum.c...
compiling autoip.c...
compiling raw.c...
compiling stats.c...
compiling udp.c...
compiling dhcp.c...
compiling sys.c...
compiling etharp.c...
compiling memp.c...
compiling mem.c...
compiling pbuf.c...
compiling netif.c...
compiling timeouts.c...
compiling tcp_in.c...
compiling tcp_out.c...
compiling tcp.c...
compiling igmp.c...
compiling ethip6.c...
compiling nd6.c...
compiling inet6.c...
compiling icmp.c...
compiling mld6.c...
compiling icmp6.c...
compiling ip6_addr.c...
compiling dhcp6.c...
compiling ip6.c...
compiling ip6_frag.c...
compiling ip4_addr.c...
compiling ip4.c...
compiling mqtt.c...
compiling ip4_frag.c...
linking...
Program Size: Code=182658 RO-data=18718 RW-data=752 ZI-data=80080  
FromELF: creating hex file...
"LVGL\LVGL.axf" - 0 Error(s), 9 Warning(s).

<h2>Software Packages used:</h2>

Package Vendor: ARM
                http://www.keil.com/pack/ARM.CMSIS.5.6.0.pack
                ARM.CMSIS.5.6.0
                CMSIS (Cortex Microcontroller Software Interface Standard)
   * Component: CORE Version: 5.3.0

Package Vendor: Keil
                http://www.keil.com/pack/Keil.STM32F4xx_DFP.2.16.0.pack
                Keil.STM32F4xx_DFP.2.16.0
                STMicroelectronics STM32F4 Series Device Support, Drivers and Examples

<h2>Collection of Component include folders:</h2>
  .\RTE\_LVGL
  C:\Users\÷£”Ó∑≤\AppData\Local\Arm\Packs\ARM\CMSIS\5.6.0\CMSIS\Core\Include
  C:\Users\÷£”Ó∑≤\AppData\Local\Arm\Packs\Keil\STM32F4xx_DFP\2.16.0\Drivers\CMSIS\Device\ST\STM32F4xx\Include

<h2>Collection of Component Files used:</h2>

   * Component: ARM::CMSIS:CORE:5.3.0
Build Time Elapsed:  00:00:51
</pre>
</body>
</html>
